<html>
<body>
<pre>
<h1>µVision Build Log</h1>
<h2>Tool Versions:</h2>
IDE-Version: µVision V5.34.0.0
Copyright (C) 2021 ARM Ltd and ARM Germany GmbH. All rights reserved.
License Information: sami n, j, LIC=PE7DL-060J9-45YT5-G7RJM-2TW56-MB3QA
 
Tool Versions:
Toolchain:       MDK-ARM Plus  Version: 5.34.0.0
Toolchain Path:  D:\Keil_v5\ARM\ARMCC\Bin
C Compiler:      Armcc.exe V5.06 update 7 (build 960)
Assembler:       Armasm.exe V5.06 update 7 (build 960)
Linker/Locator:  ArmLink.exe V5.06 update 7 (build 960)
Library Manager: ArmAr.exe V5.06 update 7 (build 960)
Hex Converter:   FromElf.exe V5.06 update 7 (build 960)
CPU DLL:         SARMCM3.DLL V5.34.0.0
Dialog DLL:      DCM.DLL V1.17.3.0
Target DLL:      STLink\ST-LINKIII-KEIL_SWO.dll V3.0.8.0
Dialog DLL:      TCM.DLL V1.48.0.0
 
<h2>Project:</h2>
D:\Kalantar Zadeh\LABKHAND50.261 - Copy\LABKHAND50.261_403.1\Project\MDK-ARM\Project.uvprojx
Project File Date:  10/07/2025

<h2>Output:</h2>
*** Using Compiler 'V5.06 update 7 (build 960)', folder: 'D:\Keil_v5\ARM\ARMCC\Bin'
Build target 'BUSDOOR_WIFI'
compiling main.c...
compiling stm32xxx_it.c...
compiling bsp.c...
compiling LCDConf_stm3210e_eval.c...
compiling ff.c...
compiling gps.c...
compiling MMC_SD.C...
compiling rtc.c...
compiling flash.c...
compiling iso14443ab.c...
..\..\bsp_lib\MFRC\mfrc531.h(569): warning:  #47-D: incompatible redefinition of macro "MI_OK"  (declared at line 210)
  #define MI_OK                 0
..\..\bsp_lib\MFRC\mfrc531.h(570): warning:  #47-D: incompatible redefinition of macro "MI_NOTAGERR"  (declared at line 217)
  #define MI_NOTAGERR           1
..\..\bsp_lib\MFRC\mfrc531.h(651): warning:  #1-D: last line of file ends without a newline
  #endif											
..\..\bsp_lib\MFRC\iso14443ab.c(160): warning:  #223-D: function "MFRC522_Check" declared implicitly
      if (MFRC522_Check(current_card_snr))
..\..\bsp_lib\MFRC\iso14443ab.c(165): warning:  #223-D: function "MFRC522_SelectTag" declared implicitly
  	  if (MFRC522_SelectTag(current_card_snr) == 0)
..\..\bsp_lib\MFRC\iso14443ab.c(226): warning:  #223-D: function "MFRC522_Auth" declared implicitly
         return MFRC522_Auth(0x60, Sector*4, Keys[0], current_card_snr);
..\..\bsp_lib\MFRC\iso14443ab.c(244): warning:  #111-D: statement is unreachable
    return 1;
..\..\bsp_lib\MFRC\iso14443ab.c(289): warning:  #223-D: function "MFRC522_Auth" declared implicitly
  		return MFRC522_Auth(Auth, Sector*4, Key, current_card_snr);
..\..\bsp_lib\MFRC\iso14443ab.c(305): warning:  #223-D: function "MFRC522_Read" declared implicitly
      return MFRC522_Read(Block, buf);
..\..\bsp_lib\MFRC\iso14443ab.c(309): warning:  #111-D: statement is unreachable
    return 0;
..\..\bsp_lib\MFRC\iso14443ab.c(325): warning:  #223-D: function "MFRC522_Write" declared implicitly
      return MFRC522_Write(Block, data);
..\..\bsp_lib\MFRC\iso14443ab.c(414): warning:  #223-D: function "MFRC522_Write" declared implicitly
      return MFRC522_Write(Block, FormattedData);
..\..\bsp_lib\MFRC\iso14443ab.c(417): warning:  #111-D: statement is unreachable
    return 0;
..\..\bsp_lib\MFRC\iso14443ab.c(332): warning:  #177-D: variable "i"  was declared but never referenced
  unsigned char i;
..\..\bsp_lib\MFRC\iso14443ab.c(335): warning:  #177-D: variable "d"  was declared but never referenced
  unsigned char d[16]; 
..\..\bsp_lib\MFRC\iso14443ab.c(451): warning:  #223-D: function "MFRC522_Read" declared implicitly
      if (MFRC522_Read(Block, data)!=0) return 1;
..\..\bsp_lib\MFRC\iso14443ab.c(426): warning:  #177-D: variable "Transfer"  was declared but never referenced
  }Transfer;
..\..\bsp_lib\MFRC\iso14443ab.c(470): warning:  #177-D: variable "i"  was declared but never referenced
  unsigned char i, data[16]; 
..\..\bsp_lib\MFRC\iso14443ab.c(470): warning:  #177-D: variable "data"  was declared but never referenced
  unsigned char i, data[16]; 
..\..\bsp_lib\MFRC\iso14443ab.c(497): warning:  #177-D: variable "Value"  was declared but never referenced
  unsigned char Value[5];
..\..\bsp_lib\MFRC\iso14443ab.c(573): warning:  #223-D: function "MFRC522_Decrement" declared implicitly
  		i=MFRC522_Decrement(Block,data); 
..\..\bsp_lib\MFRC\iso14443ab.c: 21 warnings, 0 errors
compiling pn532.c...
compiling Inputbox.c...
compiling ecard.c...
compiling mfrc531.c...
..\..\bsp_lib\MFRC\mfrc531.h(569): warning:  #47-D: incompatible redefinition of macro "MI_OK"  (declared at line 210)
  #define MI_OK                 0
..\..\bsp_lib\MFRC\mfrc531.h(570): warning:  #47-D: incompatible redefinition of macro "MI_NOTAGERR"  (declared at line 217)
  #define MI_NOTAGERR           1
..\..\bsp_lib\MFRC\mfrc531.h(651): warning:  #1-D: last line of file ends without a newline
  #endif											
..\..\bsp_lib\MFRC\mfrc531.c(613): warning:  #68-D: integer conversion resulted in a change of sign
           status = MI_BITCOUNTERR;
..\..\bsp_lib\MFRC\mfrc531.c(618): warning:  #514-D: pointless comparison of unsigned integer with a negative constant
        if ((status == MI_COLLERR) && (MInfo.nBitsReceived == 16)) //
..\..\bsp_lib\MFRC\mfrc531.c(694): warning:  #68-D: integer conversion resulted in a change of sign
              status = MI_WRONG_PARAMETER_VALUE;
..\..\bsp_lib\MFRC\mfrc531.c(756): warning:  #514-D: pointless comparison of unsigned integer with a negative constant
           if ( status == MI_OK || status == MI_COLLERR)    // no other occured
..\..\bsp_lib\MFRC\mfrc531.c(772): warning:  #68-D: integer conversion resulted in a change of sign
                 status = MI_BITCOUNTERR;
..\..\bsp_lib\MFRC\mfrc531.c(776): warning:  #514-D: pointless comparison of unsigned integer with a negative constant
                 if (status != MI_COLLERR ) // no error and no collision
..\..\bsp_lib\MFRC\mfrc531.c(783): warning:  #68-D: integer conversion resulted in a change of sign
                       status = MI_SERNRERR;
..\..\bsp_lib\MFRC\mfrc531.c(865): warning:  #68-D: integer conversion resulted in a change of sign
              status = MI_BITCOUNTERR;
..\..\bsp_lib\MFRC\mfrc531.c(1161): warning:  #177-D: variable "status"  was declared but never referenced
     char status = MI_OK;
..\..\bsp_lib\MFRC\mfrc531.c(1255): warning:  #68-D: integer conversion resulted in a change of sign
           status = MI_BITCOUNTERR;
..\..\bsp_lib\MFRC\mfrc531.c(1273): warning:  #68-D: integer conversion resulted in a change of sign
                  status = MI_AUTHERR;
..\..\bsp_lib\MFRC\mfrc531.c(1234): warning:  #177-D: variable "i"  was declared but never referenced
     unsigned char i = 0;
..\..\bsp_lib\MFRC\mfrc531.c(1333): warning:  #68-D: integer conversion resulted in a change of sign
                 status = MI_CODINGERR;
..\..\bsp_lib\MFRC\mfrc531.c(1344): warning:  #68-D: integer conversion resulted in a change of sign
                  status = MI_NOTAUTHERR;
..\..\bsp_lib\MFRC\mfrc531.c(1348): warning:  #68-D: integer conversion resulted in a change of sign
                  status = MI_CODEERR;
..\..\bsp_lib\MFRC\mfrc531.c(1375): warning:  #68-D: integer conversion resulted in a change of sign
           status = MI_BYTECOUNTERR;
..\..\bsp_lib\MFRC\mfrc531.c(1300): warning:  #177-D: variable "tmp"  was declared but never referenced
     char tmp    = 0;
..\..\bsp_lib\MFRC\mfrc531.c(1450): warning:  #68-D: integer conversion resulted in a change of sign
              status = MI_CODINGERR;
..\..\bsp_lib\MFRC\mfrc531.c(1452): warning:  #68-D: integer conversion resulted in a change of sign
              status = MI_BITCOUNTERR;
..\..\bsp_lib\MFRC\mfrc531.c(1460): warning:  #68-D: integer conversion resulted in a change of sign
                 status = MI_NOTAUTHERR;
..\..\bsp_lib\MFRC\mfrc531.c(1466): warning:  #68-D: integer conversion resulted in a change of sign
                 status = MI_CODEERR;
..\..\bsp_lib\MFRC\mfrc531.c(1518): warning:  #68-D: integer conversion resulted in a change of sign
              status = MI_CODINGERR;
..\..\bsp_lib\MFRC\mfrc531.c(1520): warning:  #68-D: integer conversion resulted in a change of sign
              status = MI_BITCOUNTERR;
..\..\bsp_lib\MFRC\mfrc531.c(1528): warning:  #68-D: integer conversion resulted in a change of sign
                 status = MI_NOTAUTHERR;
..\..\bsp_lib\MFRC\mfrc531.c(1534): warning:  #68-D: integer conversion resulted in a change of sign
                 status = MI_CODEERR;
..\..\bsp_lib\MFRC\mfrc531.c(1569): warning:  #68-D: integer conversion resulted in a change of sign
                 status = MI_CODINGERR;
..\..\bsp_lib\MFRC\mfrc531.c(1571): warning:  #68-D: integer conversion resulted in a change of sign
                 status = MI_BITCOUNTERR;
..\..\bsp_lib\MFRC\mfrc531.c(1579): warning:  #68-D: integer conversion resulted in a change of sign
                    status = MI_WRITEERR;
..\..\bsp_lib\MFRC\mfrc531.c(1585): warning:  #68-D: integer conversion resulted in a change of sign
                    status = MI_CODEERR;
..\..\bsp_lib\MFRC\mfrc531.c(1640): warning:  #68-D: integer conversion resulted in a change of sign
                status = MI_CODINGERR;
..\..\bsp_lib\MFRC\mfrc531.c(1642): warning:  #68-D: integer conversion resulted in a change of sign
                status = MI_BITCOUNTERR;
..\..\bsp_lib\MFRC\mfrc531.c(1650): warning:  #68-D: integer conversion resulted in a change of sign
                   status = MI_NOTAUTHERR;
..\..\bsp_lib\MFRC\mfrc531.c(1656): warning:  #68-D: integer conversion resulted in a change of sign
                   status = MI_VALERR;
..\..\bsp_lib\MFRC\mfrc531.c(1659): warning:  #68-D: integer conversion resulted in a change of sign
                   status = MI_CODEERR;
..\..\bsp_lib\MFRC\mfrc531.c(1759): warning:  #68-D: integer conversion resulted in a change of sign
                    status = MI_CODINGERR;
..\..\bsp_lib\MFRC\mfrc531.c(1761): warning:  #68-D: integer conversion resulted in a change of sign
                    status = MI_BITCOUNTERR;
..\..\bsp_lib\MFRC\mfrc531.c(1769): warning:  #68-D: integer conversion resulted in a change of sign
                       status = MI_NOTAUTHERR;
..\..\bsp_lib\MFRC\mfrc531.c(1775): warning:  #68-D: integer conversion resulted in a change of sign
                       status = MI_VALERR;
..\..\bsp_lib\MFRC\mfrc531.c(1778): warning:  #68-D: integer conversion resulted in a change of sign
                       status = MI_CODEERR;
..\..\bsp_lib\MFRC\mfrc531.c(1830): warning:  #68-D: integer conversion resulted in a change of sign
                status = MI_CODINGERR;
..\..\bsp_lib\MFRC\mfrc531.c(1832): warning:  #68-D: integer conversion resulted in a change of sign
                status = MI_BITCOUNTERR;
..\..\bsp_lib\MFRC\mfrc531.c(1840): warning:  #68-D: integer conversion resulted in a change of sign
                   status = MI_NOTAUTHERR;
..\..\bsp_lib\MFRC\mfrc531.c(1846): warning:  #68-D: integer conversion resulted in a change of sign
                   status = MI_VALERR;
..\..\bsp_lib\MFRC\mfrc531.c(1849): warning:  #68-D: integer conversion resulted in a change of sign
                   status = MI_CODEERR;
..\..\bsp_lib\MFRC\mfrc531.c(1885): warning:  #68-D: integer conversion resulted in a change of sign
                    status = MI_CODINGERR;
..\..\bsp_lib\MFRC\mfrc531.c(1887): warning:  #68-D: integer conversion resulted in a change of sign
                    status = MI_BITCOUNTERR;
..\..\bsp_lib\MFRC\mfrc531.c(1895): warning:  #68-D: integer conversion resulted in a change of sign
                       status = MI_NOTAUTHERR;
..\..\bsp_lib\MFRC\mfrc531.c(1901): warning:  #68-D: integer conversion resulted in a change of sign
                       status = MI_VALERR;
..\..\bsp_lib\MFRC\mfrc531.c(1904): warning:  #68-D: integer conversion resulted in a change of sign
                       status = MI_CODEERR;
..\..\bsp_lib\MFRC\mfrc531.c(1954): warning:  #68-D: integer conversion resulted in a change of sign
                status = MI_CODINGERR;
..\..\bsp_lib\MFRC\mfrc531.c(1956): warning:  #68-D: integer conversion resulted in a change of sign
                status = MI_BITCOUNTERR;
..\..\bsp_lib\MFRC\mfrc531.c(1964): warning:  #68-D: integer conversion resulted in a change of sign
                   status = MI_NOTAUTHERR;
..\..\bsp_lib\MFRC\mfrc531.c(1970): warning:  #68-D: integer conversion resulted in a change of sign
                   status = MI_VALERR;
..\..\bsp_lib\MFRC\mfrc531.c(1973): warning:  #68-D: integer conversion resulted in a change of sign
                   status = MI_CODEERR;
..\..\bsp_lib\MFRC\mfrc531.c(2012): warning:  #68-D: integer conversion resulted in a change of sign
                    status = MI_CODINGERR;
..\..\bsp_lib\MFRC\mfrc531.c(2014): warning:  #68-D: integer conversion resulted in a change of sign
                    status = MI_BITCOUNTERR;
..\..\bsp_lib\MFRC\mfrc531.c(2022): warning:  #68-D: integer conversion resulted in a change of sign
                       status = MI_NOTAUTHERR;
..\..\bsp_lib\MFRC\mfrc531.c(2029): warning:  #68-D: integer conversion resulted in a change of sign
                       status = MI_VALERR;
..\..\bsp_lib\MFRC\mfrc531.c(2032): warning:  #68-D: integer conversion resulted in a change of sign
                       status = MI_CODEERR;
..\..\bsp_lib\MFRC\mfrc531.c(2047): warning:  #68-D: integer conversion resulted in a change of sign
     char status = MI_CODEERR;
..\..\bsp_lib\MFRC\mfrc531.c(2065): warning:  #514-D: pointless comparison of unsigned integer with a negative constant
       if (status == MI_NOTAGERR || status == MI_ACCESSTIMEOUT)
..\..\bsp_lib\MFRC\mfrc531.c(2119): warning:  #68-D: integer conversion resulted in a change of sign
      status = MI_BAUDRATE_NOT_SUPPORTED ;
..\..\bsp_lib\MFRC\mfrc531.c(2622): warning:  #68-D: integer conversion resulted in a change of sign
           status = MI_UNKNOWN_COMMAND;
..\..\bsp_lib\MFRC\mfrc531.c(2673): warning:  #68-D: integer conversion resulted in a change of sign
            return MI_NY_IMPLEMENTED;
..\..\bsp_lib\MFRC\mfrc531.c(2785): warning:  #68-D: integer conversion resulted in a change of sign
                                MpIsrInfo->status = MI_RECBUF_OVERFLOW;
..\..\bsp_lib\MFRC\mfrc531.c(2905): warning:  #68-D: integer conversion resulted in a change of sign
              status = MI_COLLERR;
..\..\bsp_lib\MFRC\mfrc531.c(2911): warning:  #68-D: integer conversion resulted in a change of sign
                 status = MI_PARITYERR;
..\..\bsp_lib\MFRC\mfrc531.c(2916): warning:  #68-D: integer conversion resulted in a change of sign
              status = MI_FRAMINGERR;
..\..\bsp_lib\MFRC\mfrc531.c(2922): warning:  #68-D: integer conversion resulted in a change of sign
              status = MI_OVFLERR;
..\..\bsp_lib\MFRC\mfrc531.c(2927): warning:  #68-D: integer conversion resulted in a change of sign
              status = MI_CRCERR;
..\..\bsp_lib\MFRC\mfrc531.c(2931): warning:  #68-D: integer conversion resulted in a change of sign
              status = MI_NY_IMPLEMENTED;
..\..\bsp_lib\MFRC\mfrc531.c(2515): warning:  #177-D: variable "i"  was declared but never referenced
  unsigned char cnt, i;
..\..\bsp_lib\MFRC\mfrc531.c(2971): warning:  #177-D: variable "status"  was declared but never referenced
  unsigned char status;
..\..\bsp_lib\MFRC\mfrc531.c(3018): warning:  #177-D: variable "lastBits"  was declared but never referenced
  unsigned char lastBits;
..\..\bsp_lib\MFRC\mfrc531.c(3026): warning:  #177-D: variable "nbytes"  was declared but never referenced
  unsigned char nbytes;
..\..\bsp_lib\MFRC\mfrc531.c(3027): warning:  #177-D: variable "cnt"  was declared but never referenced
  unsigned char cnt, i;
..\..\bsp_lib\MFRC\mfrc531.c(3027): warning:  #177-D: variable "i"  was declared but never referenced
  unsigned char cnt, i;
..\..\bsp_lib\MFRC\mfrc531.c(3029): warning:  #177-D: variable "Li"  was declared but never referenced
  unsigned long int Li=0;
..\..\bsp_lib\MFRC\mfrc531.c(3764): warning:  #177-D: variable "i"  was declared but never referenced
  uchar i;
..\..\bsp_lib\MFRC\mfrc531.c(3811): warning:  #550-D: variable "status"  was set but never used
    uchar status;
..\..\bsp_lib\MFRC\mfrc531.c: 83 warnings, 0 errors
compiling BusDoor.c...
compiling adler32.c...
compiling crc32.c...
compiling GUI_PNG.c...
compiling gzio.c...
compiling deflate.c...
compiling menu3d.c...
compiling IMAGE_PNG.c...
compiling inffast.c...
compiling infback.c...
compiling inftrees.c...
compiling png.c...
compiling pnggccrd.c...
compiling BusDoorWifi.c...
compiling pngrio.c...
compiling inflate.c...
compiling pngread.c...
compiling pngpread.c...
compiling pngvcrd.c...
compiling pngwio.c...
compiling pngwtran.c...
compiling pngrutil.c...
compiling trees.c...
compiling pngwutil.c...
compiling pngrtran.c...
compiling ConfirmDlg.c...
compiling futil.c...
compiling phhalHw_Rc632_Int.c...
..\..\bsp_lib\RdLib\comps\phhalHw\src\Rc632\phhalHw_Rc632_Int.c(887): warning:  #1-D: last line of file ends without a newline
  #endif
..\..\bsp_lib\RdLib\comps\phhalHw\src\Rc632\phhalHw_Rc632_Int.c: 1 warning, 0 errors
compiling GetNumberBox.c...
compiling phpalI14443p3a.c...
compiling phpalMifare.c...
compiling phTools.c...
linking...
Program Size: Code=107752 RO-data=80416 RW-data=5300 ZI-data=37572  
FromELF: creating hex file...
After Build - User command #1: D:\Keil_v5\ARM\ARMCC\bin\fromelf.exe --bin --output=Hesam.bin .\STM3210E-EVAL\Hesam.axf
".\STM3210E-EVAL\Hesam.axf" - 0 Error(s), 105 Warning(s).

<h2>Software Packages used:</h2>

Package Vendor: ARM
                https://www.keil.com/pack/ARM.CMSIS.6.2.0.pack
                ARM.CMSIS.6.2.0
                CMSIS (Common Microcontroller Software Interface Standard)
   * Component: CORE Version: 6.1.1

Package Vendor: Keil
                https://www.keil.com/pack/Keil.STM32F1xx_DFP.2.4.1.pack
                Keil.STM32F1xx_DFP.2.4.1
                STMicroelectronics STM32F1 Series Device Support, Drivers and Examples

<h2>Collection of Component include folders:</h2>
  .\RTE\_BUSDOOR_WIFI
  D:\Keil_v5\Keil_Packs\ARM\CMSIS\6.2.0\CMSIS\Core\Include
  D:\Keil_v5\Keil_Packs\Keil\STM32F1xx_DFP\2.4.1\Device\Include

<h2>Collection of Component Files used:</h2>

   * Component: ARM::CMSIS:CORE:6.1.1
Build Time Elapsed:  00:00:18
</pre>
</body>
</html>
